// Jest Snapshot v1, https://goo.gl/fbAQLP

exports[`renders correctly 1`] = `
<div
  className="sc-bdVaJa kmXoBq"
>
  <h2
    className="sc-bwzfXH furKEP"
  >
    Ejercicio Intive
  </h2>
</div>
`;
